../Core/Src/main.c:68:6:delay	16	static
../Core/Src/main.c:84:6:HAL_TIM_IC_CaptureCallback	16	static
../Core/Src/main.c:121:6:HCSR04_Read	8	static
../Core/Src/main.c:136:5:main	8	static
../Core/Src/main.c:187:6:SystemClock_Config	88	static
../Core/Src/main.c:237:13:MX_TIM1_Init	40	static
../Core/Src/main.c:287:13:MX_TIM2_Init	64	static
../Core/Src/main.c:346:13:MX_USART3_UART_Init	8	static
../Core/Src/main.c:381:13:MX_USB_OTG_FS_PCD_Init	8	static
../Core/Src/main.c:416:13:MX_GPIO_Init	56	static
../Core/Src/main.c:513:6:Error_Handler	4	static,ignoring_inline_asm
