../Core/Src/main.c:68:6:delay	16	static
../Core/Src/main.c:86:6:HAL_TIM_IC_CaptureCallback	16	static
../Core/Src/main.c:123:6:HCSR04_Read	8	static
../Core/Src/main.c:138:5:main	40	static
../Core/Src/main.c:204:6:SystemClock_Config	88	static
../Core/Src/main.c:254:13:MX_TIM1_Init	40	static
../Core/Src/main.c:304:13:MX_TIM2_Init	64	static
../Core/Src/main.c:363:13:MX_USART3_UART_Init	8	static
../Core/Src/main.c:398:13:MX_USB_OTG_FS_PCD_Init	8	static
../Core/Src/main.c:433:13:MX_GPIO_Init	56	static
../Core/Src/main.c:530:6:Error_Handler	4	static,ignoring_inline_asm
